
> ui-lab-components@0.1.6 build /home/kyza/Projects/ui-lab/app/packages/@ui
> vite build && npm run build:css && npm run build:postcss

vite v5.4.21 building for production...
[96msrc/components/Command/Command.tsx[0m:[93m40[0m:[93m10[0m - [91merror[0m[90m TS4033: [0mProperty 'items' of exported interface has or is using private name 'Command'.

[7m40[0m   items: Command[];
[7m  [0m [91m         ~~~~~~~[0m
[96msrc/components/Command/Command.tsx[0m:[93m55[0m:[93m18[0m - [91merror[0m[90m TS4033: [0mProperty 'filteredItems' of exported interface has or is using private name 'Command'.

[7m55[0m   filteredItems: Command[];
[7m  [0m [91m                 ~~~~~~~[0m
[96msrc/components/Command/Command.tsx[0m:[93m97[0m:[93m11[0m - [91merror[0m[90m TS4033: [0mProperty 'items' of exported interface has or is using private name 'Command'.

[7m97[0m   items?: Command[];
[7m  [0m [91m          ~~~~~~~[0m
[96msrc/components/Command/Command.tsx[0m:[93m98[0m:[93m22[0m - [91merror[0m[90m TS4078: [0mParameter 'command' of exported function has or is using private name 'Command'.

[7m98[0m   filter?: (command: Command, query: string) => boolean;
[7m  [0m [91m                     ~~~~~~~[0m
[96msrc/components/Command/Command.tsx[0m:[93m543[0m:[93m25[0m - [91merror[0m[90m TS4078: [0mParameter 'command' of exported function has or is using private name 'Command'.

[7m543[0m   renderItem: (command: Command) => ReactNode;
[7m   [0m [91m                        ~~~~~~~[0m
[96msrc/components/List/index.ts[0m:[93m7[0m:[93m7[0m - [91merror[0m[90m TS4023: [0mExported variable 'List' has or is using name 'ActionGroupComponentProps' from external module "/home/kyza/Projects/ui-lab/app/packages/@ui/src/components/List/List" but cannot be named.

[7m7[0m const List = Object.assign(ListRoot, {
[7m [0m [91m      ~~~~[0m
[96msrc/components/List/index.ts[0m:[93m7[0m:[93m7[0m - [91merror[0m[90m TS4023: [0mExported variable 'List' has or is using name 'FooterComponentProps' from external module "/home/kyza/Projects/ui-lab/app/packages/@ui/src/components/List/List" but cannot be named.

[7m7[0m const List = Object.assign(ListRoot, {
[7m [0m [91m      ~~~~[0m
[96msrc/components/Select/index.ts[0m:[93m7[0m:[93m7[0m - [91merror[0m[90m TS4023: [0mExported variable 'Select' has or is using name 'SelectListProps' from external module "/home/kyza/Projects/ui-lab/app/packages/@ui/src/components/Select/Select.Items" but cannot be named.

[7m7[0m const Select = Object.assign(SelectRoot, {
[7m [0m [91m      ~~~~~~[0m
[96msrc/components/Select/index.ts[0m:[93m22[0m:[93m7[0m - [91merror[0m[90m TS4023: [0mExported variable 'Multi' has or is using name 'SelectListProps' from external module "/home/kyza/Projects/ui-lab/app/packages/@ui/src/components/Select/Select.Items" but cannot be named.

[7m22[0m const Multi = Object.assign(SelectRoot, {
[7m  [0m [91m      ~~~~~[0m
[96msrc/components/Command/Command.tsx[0m:[93m606[0m:[93m15[0m - [91merror[0m[90m TS2484: [0mExport declaration conflicts with exported declaration of 'CommandGroupedItems'.

[7m606[0m export type { CommandGroupedItems };
[7m   [0m [91m              ~~~~~~~~~~~~~~~~~~~[0m
[96msrc/components/Menu/index.tsx[0m:[93m79[0m:[93m30[0m - [91merror[0m[90m TS2305: [0mModule '"./Menu"' has no exported member 'Position'.

[7m79[0m export type { SelectionMode, Position, ItemData, MenuContextValue, MenuSubmenuContextValue, RadioGroupContextValue } from "./Menu"
[7m  [0m [91m                             ~~~~~~~~[0m
[96msrc/components/Menu/index.tsx[0m:[93m79[0m:[93m40[0m - [91merror[0m[90m TS2305: [0mModule '"./Menu"' has no exported member 'ItemData'.

[7m79[0m export type { SelectionMode, Position, ItemData, MenuContextValue, MenuSubmenuContextValue, RadioGroupContextValue } from "./Menu"
[7m  [0m [91m                                       ~~~~~~~~[0m
[96msrc/components/Tooltip/Tooltip.tsx[0m:[93m28[0m:[93m17[0m - [91merror[0m[90m TS2554: [0mExpected 1 arguments, but got 0.

[7m28[0m   const idRef = useRef<ReturnType<typeof setTimeout>>();
[7m  [0m [91m                ~~~~~~[0m

  [96m../../node_modules/.pnpm/@types+react@19.2.7/node_modules/@types/react/index.d.ts[0m:[93m1728[0m:[93m24[0m
    [7m1728[0m     function useRef<T>(initialValue: T): RefObject<T>;
    [7m    [0m [96m                       ~~~~~~~~~~~~~~~[0m
    An argument for 'initialValue' was not provided.

transforming...
✓ 2876 modules transformed.
rendering chunks...

[vite:dts] Start generate declaration files...
computing gzip size...
dist/style.css            97.91 kB │ gzip:  14.33 kB
dist/theme-script.es.js    1.00 kB │ gzip:   0.47 kB
dist/ui-lab-ui.es.js     496.26 kB │ gzip: 137.23 kB
[vite:dts] Declaration files built in 2963ms.

✓ built in 5.31s
npm warn Unknown env config "npm-globalconfig". This will stop working in the next major version of npm.
npm warn Unknown env config "verify-deps-before-run". This will stop working in the next major version of npm.
npm warn Unknown env config "_jsr-registry". This will stop working in the next major version of npm.
npm warn Unknown env config "recursive". This will stop working in the next major version of npm.

> ui-lab-components@0.1.6 build:css
> npx postcss src/styles.css -o dist/styles.css && cat dist/style.css >> dist/styles.css || (echo 'Error: Failed to build CSS files' && exit 1)

npm warn Unknown env config "npm-globalconfig". This will stop working in the next major version of npm.
npm warn Unknown env config "verify-deps-before-run". This will stop working in the next major version of npm.
npm warn Unknown env config "_jsr-registry". This will stop working in the next major version of npm.
npm warn Unknown env config "recursive". This will stop working in the next major version of npm.
npm warn Unknown env config "npm-globalconfig". This will stop working in the next major version of npm.
npm warn Unknown env config "verify-deps-before-run". This will stop working in the next major version of npm.
npm warn Unknown env config "_jsr-registry". This will stop working in the next major version of npm.
npm warn Unknown env config "recursive". This will stop working in the next major version of npm.

> ui-lab-components@0.1.6 build:postcss
> cp src/postcss-ui-lab.mjs dist/postcss-ui-lab.mjs

